<testsuites id="" name="" tests="3" failures="0" skipped="0" errors="0" time="9.298633">
<testsuite name="example.spec.js" timestamp="2026-07-07T18:55:35.053Z" hostname="chromium" tests="3" failures="0" skipped="0" time="16.769" errors="0">
<testcase name="user rides › user should be able to ride" classname="example.spec.js" time="6.6">
</testcase>
<testcase name="user rides › user above height should not be allowed" classname="example.spec.js" time="5.455">
</testcase>
<testcase name="user rides › user with minimum height should be allowed" classname="example.spec.js" time="4.714">
</testcase>
</testsuite>
</testsuites>